
;; global options: +cmd
;; Got answer:
;; ->>HEADER<<- opcode: QUERY, status: YXRRSET, id: <ID>
;; flags: qr aa; QUERY: 1, ANSWER: 0, AUTHORITY: 0, ADDITIONAL: 0

;; QUESTION SECTION:
;nonexistent.rc7.<OURDOM>. IN A

;; SERVER: 127.0.0.1#53(127.0.0.1) (UDP)
;; MSG SIZE  rcvd: <SIZE>

