
; <<>> DiG 9.18.10-2-Debian <<>> NS inja.yourdomain.com @127.0.0.1 +tries=1 +timeout=1 -p 53
;; global options: +cmd
;; Got answer:
;; ->>HEADER<<- opcode: QUERY, status: NOERROR, id: 64020
;; flags: qr aa; QUERY: 1, ANSWER: 2, AUTHORITY: 0, ADDITIONAL: 0

;; QUESTION SECTION:
;inja.yourdomain.com.		IN	NS

;; ANSWER SECTION:
inja.yourdomain.com.	60	IN	NS	always763822.yourdomain.com.
injected.yourdomain.com. 60	IN	A	6.6.6.0

;; Query time: 0 msec
;; SERVER: 127.0.0.1#53(127.0.0.1) (UDP)
;; WHEN: Tue Mar 18 21:10:42 +04 2025
;; MSG SIZE  rcvd: 117

