
; <<>> DiG 9.18.10-2-Debian <<>> +tcp always123.anrr0.yourdomain.com @127.0.0.1 +tries=1 +timeout=1 -p 53
;; global options: +cmd
;; Got answer:
;; ->>HEADER<<- opcode: QUERY, status: NOERROR, id: 8924
;; flags: qr aa; QUERY: 1, ANSWER: 0, AUTHORITY: 0, ADDITIONAL: 0
;; WARNING: Message has 16 extra bytes at end

;; QUESTION SECTION:
;always123.anrr0.yourdomain.com.	IN	A

;; Query time: 4 msec
;; SERVER: 127.0.0.1#53(127.0.0.1) (TCP)
;; WHEN: Tue Mar 18 21:10:33 +04 2025
;; MSG SIZE  rcvd: 64

