
; <<>> DiG 9.18.10-2-Debian <<>> +tcp always.cut4.add4.255.yourdomain.com @127.0.0.1 +tries=1 +timeout=1 -p 53
;; global options: +cmd
;; Got answer:
;; ->>HEADER<<- opcode: QUERY, status: NOERROR, id: 16242
;; flags: qr aa; QUERY: 1, ANSWER: 1, AUTHORITY: 0, ADDITIONAL: 0

;; QUESTION SECTION:
;always.cut4.add4.255.yourdomain.com. IN	A

;; ANSWER SECTION:
always.cut4.add4.255.yourdomain.com. 60	IN A	255.255.255.255

;; Query time: 4 msec
;; SERVER: 127.0.0.1#53(127.0.0.1) (TCP)
;; WHEN: Tue Mar 18 21:10:34 +04 2025
;; MSG SIZE  rcvd: 69

