
; <<>> DiG 9.18.10-2-Debian <<>> injns.yourdomain.com @127.0.0.1 +tries=1 +timeout=1 -p 53
;; global options: +cmd
;; Got answer:
;; ->>HEADER<<- opcode: QUERY, status: NOERROR, id: 60342
;; flags: qr aa; QUERY: 1, ANSWER: 2, AUTHORITY: 0, ADDITIONAL: 0

;; QUESTION SECTION:
;injns.yourdomain.com.		IN	A

;; ANSWER SECTION:
injns.yourdomain.com.	60	IN	A	1.2.3.4
injected.yourdomain.com. 60	IN	NS	always837932.yourdomain.com.

;; Query time: 8 msec
;; SERVER: 127.0.0.1#53(127.0.0.1) (UDP)
;; WHEN: Tue Mar 18 21:10:38 +04 2025
;; MSG SIZE  rcvd: 118

