
; <<>> DiG 9.18.10-2-Debian <<>> MX injdname.3rp.als.yourdomain.com @127.0.0.1 +tries=1 +timeout=1 -p 53
;; global options: +cmd
;; Got answer:
;; ->>HEADER<<- opcode: QUERY, status: NOERROR, id: 13539
;; flags: qr aa; QUERY: 1, ANSWER: 2, AUTHORITY: 2, ADDITIONAL: 2

;; QUESTION SECTION:
;injdname.3rp.als.yourdomain.com. IN	MX

;; ANSWER SECTION:
injdname.3rp.als.yourdomain.com. 60 IN	MX	0 always917461.yourdomain.com.
injected.a3rdparty.net.	60	IN	DNAME	always565274.yourdomain.com.

;; AUTHORITY SECTION:
injdname.3rp.als.yourdomain.com. 60 IN	MX	0 always917461.yourdomain.com.
injected.a3rdparty.net.	60	IN	DNAME	always565274.yourdomain.com.

;; ADDITIONAL SECTION:
injdname.3rp.als.yourdomain.com. 60 IN	MX	0 always917461.yourdomain.com.
injected.a3rdparty.net.	60	IN	DNAME	always565274.yourdomain.com.

;; Query time: 20 msec
;; SERVER: 127.0.0.1#53(127.0.0.1) (UDP)
;; WHEN: Tue Mar 18 21:10:42 +04 2025
;; MSG SIZE  rcvd: 367

