
; <<>> DiG 9.18.10-2-Debian <<>> SRV alias.yourdomain.com @127.0.0.1 +tries=1 +timeout=1 -p 53
;; global options: +cmd
;; Got answer:
;; ->>HEADER<<- opcode: QUERY, status: NOERROR, id: 2621
;; flags: qr aa; QUERY: 1, ANSWER: 1, AUTHORITY: 0, ADDITIONAL: 0

;; QUESTION SECTION:
;alias.yourdomain.com.		IN	SRV

;; ANSWER SECTION:
alias.yourdomain.com.	60	IN	SRV	0 0 24898 alias370263.yourdomain.com.

;; Query time: 0 msec
;; SERVER: 127.0.0.1#53(127.0.0.1) (UDP)
;; WHEN: Tue Mar 18 21:10:35 +04 2025
;; MSG SIZE  rcvd: 84

