
; <<>> DiG 9.18.10-2-Debian <<>> +tcp size.128.fc.cut00.yourdomain.com @127.0.0.1 +tries=1 +timeout=1 -p 53
;; global options: +cmd
;; Got answer:
;; ->>HEADER<<- opcode: QUERY, status: NOERROR, id: 50617
;; flags: qr aa; QUERY: 1, ANSWER: 4, AUTHORITY: 0, ADDITIONAL: 0

;; QUESTION SECTION:
;size.128.fc.cut00.yourdomain.com. IN	A

;; ANSWER SECTION:
size.128.fc.cut00.yourdomain.com. 60 IN	A	127.0.0.123
size.128.fc.cut00.yourdomain.com. 60 IN	A	127.0.0.167
size.128.fc.cut00.yourdomain.com. 60 IN	A	127.0.0.1
size.128.fc.cut00.yourdomain.com. 60 IN	A	127.0.0.57

;; Query time: 4 msec
;; SERVER: 127.0.0.1#53(127.0.0.1) (TCP)
;; WHEN: Tue Mar 18 21:10:34 +04 2025
;; MSG SIZE  rcvd: 114

