
; <<>> DiG 9.18.10-2-Debian <<>> CNAME inja.3rp.als.oi.yourdomain.com @127.0.0.1 +tries=1 +timeout=1 -p 53
;; global options: +cmd
;; Got answer:
;; ->>HEADER<<- opcode: QUERY, status: NOERROR, id: 60040
;; flags: qr aa; QUERY: 1, ANSWER: 1, AUTHORITY: 1, ADDITIONAL: 1

;; QUESTION SECTION:
;inja.3rp.als.oi.yourdomain.com.	IN	CNAME

;; ANSWER SECTION:
injected.a3rdparty.net.	60	IN	A	6.6.6.0

;; AUTHORITY SECTION:
injected.a3rdparty.net.	60	IN	A	6.6.6.0

;; ADDITIONAL SECTION:
injected.a3rdparty.net.	60	IN	A	6.6.6.0

;; Query time: 4 msec
;; SERVER: 127.0.0.1#53(127.0.0.1) (UDP)
;; WHEN: Tue Mar 18 21:10:43 +04 2025
;; MSG SIZE  rcvd: 162

