
; <<>> DiG 9.18.10-2-Debian <<>> DNAME injcname.rev.yourdomain.com @127.0.0.1 +tries=1 +timeout=1 -p 53
;; global options: +cmd
;; Got answer:
;; ->>HEADER<<- opcode: QUERY, status: NOERROR, id: 37772
;; flags: qr aa; QUERY: 1, ANSWER: 2, AUTHORITY: 0, ADDITIONAL: 0

;; QUESTION SECTION:
;injcname.rev.yourdomain.com.	IN	DNAME

;; ANSWER SECTION:
injected.yourdomain.com. 60	IN	CNAME	always767394.yourdomain.com.
injcname.rev.yourdomain.com. 60	IN	DNAME	always601006.yourdomain.com.

;; Query time: 8 msec
;; SERVER: 127.0.0.1#53(127.0.0.1) (UDP)
;; WHEN: Tue Mar 18 21:10:44 +04 2025
;; MSG SIZE  rcvd: 150

