
; <<>> DiG 9.18.10-2-Debian <<>> something.nonexistent.com @127.0.0.1 +tries=1 +timeout=1 -p 53
;; global options: +cmd
;; Got answer:
;; ->>HEADER<<- opcode: QUERY, status: REFUSED, id: 9271
;; flags: qr; QUERY: 1, ANSWER: 0, AUTHORITY: 0, ADDITIONAL: 0

;; QUESTION SECTION:
;something.nonexistent.com.	IN	A

;; Query time: 0 msec
;; SERVER: 127.0.0.1#53(127.0.0.1) (UDP)
;; WHEN: Fri Apr 04 15:46:59 +04 2025
;; MSG SIZE  rcvd: 43

