
; <<>> DiG 9.18.10-2-Debian <<>> yourdomain.com MX @127.0.0.1 +tries=1 +timeout=1 -p 53
;; global options: +cmd
;; Got answer:
;; ->>HEADER<<- opcode: QUERY, status: NOERROR, id: 19830
;; flags: qr aa; QUERY: 1, ANSWER: 1, AUTHORITY: 0, ADDITIONAL: 0

;; QUESTION SECTION:
;yourdomain.com.			IN	MX

;; ANSWER SECTION:
yourdomain.com.		60	IN	MX	10 mail1.yourdomain.com.

;; Query time: 24 msec
;; SERVER: 127.0.0.1#53(127.0.0.1) (UDP)
;; WHEN: Tue Mar 18 21:10:33 +04 2025
;; MSG SIZE  rcvd: 68

