
; <<>> DiG 9.18.10-2-Debian <<>> PTR injns.3rp.yourdomain.com @127.0.0.1 +tries=1 +timeout=1 -p 53
;; global options: +cmd
;; Got answer:
;; ->>HEADER<<- opcode: QUERY, status: NOERROR, id: 448
;; flags: qr aa; QUERY: 1, ANSWER: 2, AUTHORITY: 0, ADDITIONAL: 0

;; QUESTION SECTION:
;injns.3rp.yourdomain.com.	IN	PTR

;; ANSWER SECTION:
injns.3rp.yourdomain.com. 60	IN	PTR	always689677.yourdomain.com.
injected.a3rdparty.net.	60	IN	NS	always150326.yourdomain.com.

;; Query time: 4 msec
;; SERVER: 127.0.0.1#53(127.0.0.1) (UDP)
;; WHEN: Tue Mar 18 21:10:40 +04 2025
;; MSG SIZE  rcvd: 146

