
; <<>> DiG 9.18.10-2-Debian <<>> alias.nfz6.s1.p0.m8.6.yourdomain.com @127.0.0.1 +tries=1 +timeout=1 -p 53
;; global options: +cmd
;; Got answer:
;; ->>HEADER<<- opcode: QUERY, status: NOERROR, id: 52868
;; flags: qr aa; QUERY: 1, ANSWER: 1, AUTHORITY: 0, ADDITIONAL: 0

;; QUESTION SECTION:
;alias.nfz6.s1.p0.m8.6.yourdomain.com. IN A

;; ANSWER SECTION:
alias.nfz6.s1.p0.m8.6.yourdomain.com. 60 IN CNAME \000\001\002\003\004\005.alias484279.yourdomain.com.

;; Query time: 16 msec
;; SERVER: 127.0.0.1#53(127.0.0.1) (UDP)
;; WHEN: Tue Mar 18 21:10:58 +04 2025
;; MSG SIZE  rcvd: 101

