
; <<>> DiG 9.18.10-2-Debian <<>> MX injdname.rev.yourdomain.com @127.0.0.1 +tries=1 +timeout=1 -p 53
;; global options: +cmd
;; Got answer:
;; ->>HEADER<<- opcode: QUERY, status: NOERROR, id: 18119
;; flags: qr aa; QUERY: 1, ANSWER: 2, AUTHORITY: 0, ADDITIONAL: 0

;; QUESTION SECTION:
;injdname.rev.yourdomain.com.	IN	MX

;; ANSWER SECTION:
injected.yourdomain.com. 60	IN	DNAME	always166620.yourdomain.com.
injdname.rev.yourdomain.com. 60	IN	MX	0 always378746.yourdomain.com.

;; Query time: 4 msec
;; SERVER: 127.0.0.1#53(127.0.0.1) (UDP)
;; WHEN: Tue Mar 18 21:10:41 +04 2025
;; MSG SIZE  rcvd: 152

