;; Truncated, retrying in TCP mode.
;; Warning: Message parser reports malformed message packet.

; <<>> DiG 9.18.10-2-Debian <<>> nonexistent.tc.noq.yourdomain.com @127.0.0.1 +tries=1 +timeout=1 -p 53
;; global options: +cmd
;; Got answer:
;; ->>HEADER<<- opcode: QUERY, status: NXDOMAIN, id: 31232
;; flags: qr aa; QUERY: 1, ANSWER: 0, AUTHORITY: 0, ADDITIONAL: 0

;; Query time: 0 msec
;; SERVER: 127.0.0.1#53(127.0.0.1) (TCP)
;; WHEN: Tue Mar 18 21:10:34 +04 2025
;; MSG SIZE  rcvd: 12

