
; <<>> DiG 9.18.10-2-Debian <<>> injcname.3rp.oi.yourdomain.com @127.0.0.1 +tries=1 +timeout=1 -p 53
;; global options: +cmd
;; Got answer:
;; ->>HEADER<<- opcode: QUERY, status: NOERROR, id: 37259
;; flags: qr aa; QUERY: 1, ANSWER: 1, AUTHORITY: 0, ADDITIONAL: 0

;; QUESTION SECTION:
;injcname.3rp.oi.yourdomain.com.	IN	A

;; ANSWER SECTION:
injected.a3rdparty.net.	60	IN	CNAME	always254585.yourdomain.com.

;; Query time: 4 msec
;; SERVER: 127.0.0.1#53(127.0.0.1) (UDP)
;; WHEN: Tue Mar 18 21:10:38 +04 2025
;; MSG SIZE  rcvd: 111

