
; <<>> DiG 9.18.10-2-Debian <<>> PTR injcname.yourdomain.com @127.0.0.1 +tries=1 +timeout=1 -p 53
;; global options: +cmd
;; Got answer:
;; ->>HEADER<<- opcode: QUERY, status: NOERROR, id: 25335
;; flags: qr aa; QUERY: 1, ANSWER: 2, AUTHORITY: 0, ADDITIONAL: 0

;; QUESTION SECTION:
;injcname.yourdomain.com.	IN	PTR

;; ANSWER SECTION:
injcname.yourdomain.com. 60	IN	PTR	always340005.yourdomain.com.
injected.yourdomain.com. 60	IN	CNAME	always343318.yourdomain.com.

;; Query time: 4 msec
;; SERVER: 127.0.0.1#53(127.0.0.1) (UDP)
;; WHEN: Tue Mar 18 21:10:40 +04 2025
;; MSG SIZE  rcvd: 146

