
; <<>> DiG 9.18.10-2-Debian <<>> NS injaaaa.rev.yourdomain.com @127.0.0.1 +tries=1 +timeout=1 -p 53
;; global options: +cmd
;; Got answer:
;; ->>HEADER<<- opcode: QUERY, status: NOERROR, id: 28462
;; flags: qr aa; QUERY: 1, ANSWER: 2, AUTHORITY: 0, ADDITIONAL: 0

;; QUESTION SECTION:
;injaaaa.rev.yourdomain.com.	IN	NS

;; ANSWER SECTION:
injected.yourdomain.com. 60	IN	AAAA	6666:6666:6666:6666:6666:6666:6666:0
injaaaa.rev.yourdomain.com. 60	IN	NS	always992492.yourdomain.com.

;; Query time: 8 msec
;; SERVER: 127.0.0.1#53(127.0.0.1) (UDP)
;; WHEN: Tue Mar 18 21:10:42 +04 2025
;; MSG SIZE  rcvd: 136

