
; <<>> DiG 9.18.10-2-Debian <<>> DNAME injcname.3rp.rev.yourdomain.com @127.0.0.1 +tries=1 +timeout=1 -p 53
;; global options: +cmd
;; Got answer:
;; ->>HEADER<<- opcode: QUERY, status: NOERROR, id: 22379
;; flags: qr aa; QUERY: 1, ANSWER: 2, AUTHORITY: 0, ADDITIONAL: 0

;; QUESTION SECTION:
;injcname.3rp.rev.yourdomain.com. IN	DNAME

;; ANSWER SECTION:
injected.a3rdparty.net.	60	IN	CNAME	always337304.yourdomain.com.
injcname.3rp.rev.yourdomain.com. 60 IN	DNAME	always399299.yourdomain.com.

;; Query time: 16 msec
;; SERVER: 127.0.0.1#53(127.0.0.1) (UDP)
;; WHEN: Tue Mar 18 21:10:44 +04 2025
;; MSG SIZE  rcvd: 153

