
; <<>> DiG 9.18.10-2-Debian <<>> -x 192.0.2.100 @127.0.0.1 +tries=1 +timeout=1 -p 53
;; global options: +cmd
;; Got answer:
;; ->>HEADER<<- opcode: QUERY, status: NOERROR, id: 7197
;; flags: qr aa; QUERY: 1, ANSWER: 1, AUTHORITY: 0, ADDITIONAL: 0

;; QUESTION SECTION:
;100.2.0.192.in-addr.arpa.	IN	PTR

;; ANSWER SECTION:
100.2.0.192.in-addr.arpa. 60	IN	PTR	100.2.0.192.in-addr.arpa.

;; Query time: 4 msec
;; SERVER: 127.0.0.1#53(127.0.0.1) (UDP)
;; WHEN: Tue Mar 18 21:10:37 +04 2025
;; MSG SIZE  rcvd: 56

