
; <<>> DiG 9.18.10-2-Debian <<>> always.rc13.yourdomain.com @127.0.0.1 +tries=1 +timeout=1 -p 53
;; global options: +cmd
;; Got answer:
;; ->>HEADER<<- opcode: QUERY, status: RESERVED13, id: 64216
;; flags: qr aa; QUERY: 1, ANSWER: 1, AUTHORITY: 0, ADDITIONAL: 0

;; QUESTION SECTION:
;always.rc13.yourdomain.com.	IN	A

;; ANSWER SECTION:
always.rc13.yourdomain.com. 60	IN	A	2.3.4.5

;; Query time: 0 msec
;; SERVER: 127.0.0.1#53(127.0.0.1) (UDP)
;; WHEN: Tue Mar 18 21:10:33 +04 2025
;; MSG SIZE  rcvd: 60

