;; Warning: query response not set

; <<>> DiG 9.18.10-2-Debian <<>> +noedns +tcp queryback1.yourdomain.com @127.0.0.1 +tries=1 +timeout=1 -p 53
;; global options: +cmd
;; Got answer:
;; ->>HEADER<<- opcode: QUERY, status: NOERROR, id: 59125
;; flags: rd ad; QUERY: 1, ANSWER: 0, AUTHORITY: 0, ADDITIONAL: 0
;; WARNING: recursion requested but not available

;; QUESTION SECTION:
;queryback1.yourdomain.com.	IN	A

;; Query time: 4 msec
;; SERVER: 127.0.0.1#53(127.0.0.1) (TCP)
;; WHEN: Tue Mar 18 21:11:01 +04 2025
;; MSG SIZE  rcvd: 43

