
; <<>> DiG 9.18.10-2-Debian <<>> PTR injmx.rev.yourdomain.com @127.0.0.1 +tries=1 +timeout=1 -p 53
;; global options: +cmd
;; Got answer:
;; ->>HEADER<<- opcode: QUERY, status: NOERROR, id: 45652
;; flags: qr aa; QUERY: 1, ANSWER: 2, AUTHORITY: 0, ADDITIONAL: 0

;; QUESTION SECTION:
;injmx.rev.yourdomain.com.	IN	PTR

;; ANSWER SECTION:
injected.yourdomain.com. 60	IN	MX	0 always390096.yourdomain.com.
injmx.rev.yourdomain.com. 60	IN	PTR	always525007.yourdomain.com.

;; Query time: 0 msec
;; SERVER: 127.0.0.1#53(127.0.0.1) (UDP)
;; WHEN: Tue Mar 18 21:10:40 +04 2025
;; MSG SIZE  rcvd: 149

