
; <<>> DiG 9.18.10-2-Debian <<>> NS injdname.3rp.yourdomain.com @127.0.0.1 +tries=1 +timeout=1 -p 53
;; global options: +cmd
;; Got answer:
;; ->>HEADER<<- opcode: QUERY, status: NOERROR, id: 41680
;; flags: qr aa; QUERY: 1, ANSWER: 2, AUTHORITY: 0, ADDITIONAL: 0

;; QUESTION SECTION:
;injdname.3rp.yourdomain.com.	IN	NS

;; ANSWER SECTION:
injdname.3rp.yourdomain.com. 60	IN	NS	always414630.yourdomain.com.
injected.a3rdparty.net.	60	IN	DNAME	always609711.yourdomain.com.

;; Query time: 28 msec
;; SERVER: 127.0.0.1#53(127.0.0.1) (UDP)
;; WHEN: Tue Mar 18 21:10:42 +04 2025
;; MSG SIZE  rcvd: 149

