
; <<>> DiG 9.18.10-2-Debian <<>> PTR injcname.3rp.als.rev.yourdomain.com @127.0.0.1 +tries=1 +timeout=1 -p 53
;; global options: +cmd
;; Got answer:
;; ->>HEADER<<- opcode: QUERY, status: NOERROR, id: 11902
;; flags: qr aa; QUERY: 1, ANSWER: 2, AUTHORITY: 2, ADDITIONAL: 2

;; QUESTION SECTION:
;injcname.3rp.als.rev.yourdomain.com. IN	PTR

;; ANSWER SECTION:
injected.a3rdparty.net.	60	IN	CNAME	always081009.yourdomain.com.
injcname.3rp.als.rev.yourdomain.com. 60	IN PTR	always121656.yourdomain.com.

;; AUTHORITY SECTION:
injected.a3rdparty.net.	60	IN	CNAME	always081009.yourdomain.com.
injcname.3rp.als.rev.yourdomain.com. 60	IN PTR	always121656.yourdomain.com.

;; ADDITIONAL SECTION:
injected.a3rdparty.net.	60	IN	CNAME	always081009.yourdomain.com.
injcname.3rp.als.rev.yourdomain.com. 60	IN PTR	always121656.yourdomain.com.

;; Query time: 8 msec
;; SERVER: 127.0.0.1#53(127.0.0.1) (UDP)
;; WHEN: Tue Mar 18 21:10:40 +04 2025
;; MSG SIZE  rcvd: 365

